c:\users\hp\source\repos\monsarenagame\monsarenagame\x64\debug\vc143.pdb
c:\users\hp\source\repos\monsarenagame\monsarenagame\x64\debug\vc143.idb
c:\users\hp\source\repos\monsarenagame\monsarenagame\x64\debug\main.obj
c:\users\hp\source\repos\monsarenagame\monsarenagame\x64\debug\battlemanager.obj
c:\users\hp\source\repos\monsarenagame\monsarenagame\x64\debug\attack.obj
c:\users\hp\source\repos\monsarenagame\monsarenagame\x64\debug\watermonster.obj
c:\users\hp\source\repos\monsarenagame\monsarenagame\x64\debug\simpleaicontroller.obj
c:\users\hp\source\repos\monsarenagame\monsarenagame\x64\debug\player.obj
c:\users\hp\source\repos\monsarenagame\monsarenagame\x64\debug\monster.obj
c:\users\hp\source\repos\monsarenagame\monsarenagame\x64\debug\item.obj
c:\users\hp\source\repos\monsarenagame\monsarenagame\x64\debug\gamesession.obj
c:\users\hp\source\repos\monsarenagame\monsarenagame\x64\debug\firemonster.obj
c:\users\hp\source\repos\monsarenagame\monsarenagame\x64\debug\earthmonster.obj
c:\users\hp\source\repos\monsarenagame\x64\debug\monsarenagame.exe
c:\users\hp\source\repos\monsarenagame\x64\debug\monsarenagame.pdb
c:\users\hp\source\repos\monsarenagame\monsarenagame\x64\debug\monsarenagame.ilk
c:\users\hp\source\repos\monsarenagame\monsarenagame\x64\debug\monsarenagame.tlog\cl.command.1.tlog
c:\users\hp\source\repos\monsarenagame\monsarenagame\x64\debug\monsarenagame.tlog\cl.items.tlog
c:\users\hp\source\repos\monsarenagame\monsarenagame\x64\debug\monsarenagame.tlog\cl.read.1.tlog
c:\users\hp\source\repos\monsarenagame\monsarenagame\x64\debug\monsarenagame.tlog\cl.write.1.tlog
c:\users\hp\source\repos\monsarenagame\monsarenagame\x64\debug\monsarenagame.tlog\link.command.1.tlog
c:\users\hp\source\repos\monsarenagame\monsarenagame\x64\debug\monsarenagame.tlog\link.read.1.tlog
c:\users\hp\source\repos\monsarenagame\monsarenagame\x64\debug\monsarenagame.tlog\link.secondary.1.tlog
c:\users\hp\source\repos\monsarenagame\monsarenagame\x64\debug\monsarenagame.tlog\link.write.1.tlog
